webui, stable-diffusion-webui, https://github.com/AUTOMATIC1111/stable-diffusion-webui.git, v1.5.2, GNU AGPLv3, Stable Diffusion web UI, A browser interface for Stable Diffusion, Stable Diffusion web UI is a browser interface for Stable Diffusion based on Gradio library.
invoke, invoke-ai, https://github.com/invoke-ai/InvokeAI.git, 994b247, MIT, InvokeAI, A stable diffusion toolkit, InvokeAI is a leading creative engine for Stable Diffusion models, empowering professionals, artists, and enthusiasts to generate and create visual media using the latest AI-driven technologies. The solution offers an industry leading WebUI, supports terminal use through a CLI, and serves as the foundation for multiple commercial products.
comfyui, comfyui, https://github.com/comfyanonymous/ComfyUI.git, af9cc1f, GPL-3.0, ComfyUI, A powerful and modular stable diffusion GUI and backend, Let you design and execute advanced stable diffusion pipelines using a graph/nodes/flowchart based interface.
scal, scal-sdt, https://github.com/CCRcmcpe/scal-sdt.git, f573f8b, MIT, Scalable SDT, A scalable stable diffusion trainer, Stable Diffusion trainer with scalable dataset size and hardware usage, Can run with <8GB VRAM.
